{"timestamp":"2026-09-27T03:50:37+00:00","level":"INFO","message":"Processing queue job #1 (App\\Queue\\Jobs\\SendTaskAssignedEmailJob)","context":{"queue":"default","attempt":1}}
{"timestamp":"2026-09-27T03:50:37+00:00","level":"ERROR","message":"Job #1 failed on attempt 1: Task #16 not found for assignment notification.","context":{"job_id":1,"class":"App\\Queue\\Jobs\\SendTaskAssignedEmailJob","trace":"#0 D:\\test\\trans-cosmos\\backend\\src\\Queue\\QueueManager.php(57): App\\Queue\\Jobs\\SendTaskAssignedEmailJob->handle(Array)\n#1 D:\\test\\trans-cosmos\\backend\\tests\\QueueTest.php(46): App\\Queue\\QueueManager->processNextJob()\n#2 D:\\test\\trans-cosmos\\backend\\tests\\QueueTest.php(30): Tests\\QueueTest->testJobPushAndReservation()\n#3 D:\\test\\trans-cosmos\\backend\\tests\\run_tests.php(37): Tests\\QueueTest->run()\n#4 {main}"}}
{"timestamp":"2026-09-27T03:51:07+00:00","level":"INFO","message":"Processing queue job #1 (App\\Queue\\Jobs\\SendTaskAssignedEmailJob)","context":{"queue":"default","attempt":1}}
{"timestamp":"2026-09-27T03:51:07+00:00","level":"INFO","message":"Task #16 was deleted before assignment notification was sent. Skipping job.","context":[]}
{"timestamp":"2026-09-27T03:51:07+00:00","level":"INFO","message":"Job #1 completed in 8ms","context":{"job_id":1,"class":"App\\Queue\\Jobs\\SendTaskAssignedEmailJob"}}
{"timestamp":"2026-09-27T03:51:16+00:00","level":"INFO","message":"Processing queue job #1 (App\\Queue\\Jobs\\SendTaskAssignedEmailJob)","context":{"queue":"default","attempt":1}}
{"timestamp":"2026-09-27T03:51:16+00:00","level":"INFO","message":"Task #16 was deleted before assignment notification was sent. Skipping job.","context":[]}
{"timestamp":"2026-09-27T03:51:16+00:00","level":"INFO","message":"Job #1 completed in 8.02ms","context":{"job_id":1,"class":"App\\Queue\\Jobs\\SendTaskAssignedEmailJob"}}
{"timestamp":"2026-09-27T03:51:16+00:00","level":"INFO","message":"Processing queue job #2 (App\\Queue\\Jobs\\BulkTaskStatusUpdateJob)","context":{"queue":"default","attempt":1}}
{"timestamp":"2026-09-27T03:51:16+00:00","level":"INFO","message":"Completed bulk task status update job","context":{"target_status":"in_progress","updated_count":2,"task_ids":[1,2]}}
{"timestamp":"2026-09-27T03:51:16+00:00","level":"INFO","message":"Job #2 completed in 14.01ms","context":{"job_id":2,"class":"App\\Queue\\Jobs\\BulkTaskStatusUpdateJob"}}
{"timestamp":"2026-09-27T03:51:16+00:00","level":"INFO","message":"Processing queue job #3 (App\\Queue\\Jobs\\SendTaskAssignedEmailJob)","context":{"queue":"default","attempt":1}}
{"timestamp":"2026-09-27T03:51:16+00:00","level":"INFO","message":"Dispatched task assignment notification email","context":{"to":"alice@example.com","recipient_name":"Alice Johnson","subject":"New Task Assigned: Set up production server architecture","task_id":1,"priority":"high","due_date":"2026-09-10 18:00:00","dispatched_at":"2026-09-27T03:51:16+00:00"}}
{"timestamp":"2026-09-27T03:51:16+00:00","level":"INFO","message":"Job #3 completed in 8ms","context":{"job_id":3,"class":"App\\Queue\\Jobs\\SendTaskAssignedEmailJob"}}
{"timestamp":"2026-09-27T03:51:16+00:00","level":"INFO","message":"Processing queue job #4 (App\\Queue\\Jobs\\SendTaskAssignedEmailJob)","context":{"queue":"default","attempt":1}}
{"timestamp":"2026-09-27T03:51:16+00:00","level":"INFO","message":"Dispatched task assignment notification email","context":{"to":"bob@example.com","recipient_name":"Bob Smith","subject":"New Task Assigned: Design database normalization schema","task_id":2,"priority":"urgent","due_date":"2026-09-12 17:00:00","dispatched_at":"2026-09-27T03:51:16+00:00"}}
{"timestamp":"2026-09-27T03:51:16+00:00","level":"INFO","message":"Job #4 completed in 5.98ms","context":{"job_id":4,"class":"App\\Queue\\Jobs\\SendTaskAssignedEmailJob"}}
{"timestamp":"2026-09-27T03:51:16+00:00","level":"INFO","message":"Processing queue job #5 (App\\Queue\\Jobs\\BulkTaskStatusUpdateJob)","context":{"queue":"default","attempt":1}}
{"timestamp":"2026-09-27T03:51:16+00:00","level":"INFO","message":"Completed bulk task status update job","context":{"target_status":"completed","updated_count":2,"task_ids":[9,10]}}
{"timestamp":"2026-09-27T03:51:16+00:00","level":"INFO","message":"Job #5 completed in 12ms","context":{"job_id":5,"class":"App\\Queue\\Jobs\\BulkTaskStatusUpdateJob"}}
{"timestamp":"2026-09-27T03:51:16+00:00","level":"INFO","message":"Processing queue job #6 (App\\Queue\\Jobs\\ExportDataJob)","context":{"queue":"default","attempt":1}}
{"timestamp":"2026-09-27T03:51:16+00:00","level":"INFO","message":"Data export job completed","context":{"format":"csv","file_name":"task_export_20260927_035116.csv","record_count":15,"export_path":"storage/exports/task_export_20260927_035116.csv"}}
{"timestamp":"2026-09-27T03:51:16+00:00","level":"INFO","message":"Job #6 completed in 8.09ms","context":{"job_id":6,"class":"App\\Queue\\Jobs\\ExportDataJob"}}
{"timestamp":"2026-09-27T03:51:30+00:00","level":"ERROR","message":"SQLSTATE[HY000]: General error: 1 no such table: tasks","context":{"exception":"PDOException","file":"D:\\test\\trans-cosmos\\backend\\src\\Repositories\\TaskRepository.php","line":64,"trace":"#0 D:\\test\\trans-cosmos\\backend\\src\\Repositories\\TaskRepository.php(64): PDO->prepare('SELECT COUNT(*)...')\n#1 D:\\test\\trans-cosmos\\backend\\src\\Services\\TaskService.php(36): App\\Repositories\\TaskRepository->findPaginated(Array, 1, 3, 'created_at', 'desc')\n#2 D:\\test\\trans-cosmos\\backend\\src\\Controllers\\TaskController.php(45): App\\Services\\TaskService->listTasks(Array, 1, 3, 'created_at', 'desc')\n#3 D:\\test\\trans-cosmos\\backend\\src\\Http\\Router.php(140): App\\Controllers\\TaskController->index(Object(App\\Http\\Request))\n#4 D:\\test\\trans-cosmos\\backend\\src\\Middleware\\CorsMiddleware.php(14): App\\Http\\Router->App\\Http\\{closure}(Object(App\\Http\\Request))\n#5 D:\\test\\trans-cosmos\\backend\\src\\Http\\Router.php(169): App\\Middleware\\CorsMiddleware->handle(Object(App\\Http\\Request), Object(Closure))\n#6 D:\\test\\trans-cosmos\\backend\\src\\Http\\Router.php(178): App\\Http\\Router->App\\Http\\{closure}(Object(App\\Http\\Request))\n#7 D:\\test\\trans-cosmos\\backend\\public\\index.php(89): App\\Http\\Router->dispatch(Object(App\\Http\\Request))\n#8 {main}"}}
{"timestamp":"2026-09-27T03:51:30+00:00","level":"ERROR","message":"SQLSTATE[HY000]: General error: 1 no such table: jobs","context":{"exception":"PDOException","file":"D:\\test\\trans-cosmos\\backend\\src\\Repositories\\JobRepository.php","line":105,"trace":"#0 D:\\test\\trans-cosmos\\backend\\src\\Repositories\\JobRepository.php(105): PDO->query('SELECT status, ...')\n#1 D:\\test\\trans-cosmos\\backend\\src\\Queue\\QueueManager.php(139): App\\Repositories\\JobRepository->getStats()\n#2 D:\\test\\trans-cosmos\\backend\\src\\Controllers\\QueueController.php(22): App\\Queue\\QueueManager->getStats()\n#3 D:\\test\\trans-cosmos\\backend\\src\\Http\\Router.php(140): App\\Controllers\\QueueController->stats(Object(App\\Http\\Request))\n#4 D:\\test\\trans-cosmos\\backend\\src\\Middleware\\CorsMiddleware.php(14): App\\Http\\Router->App\\Http\\{closure}(Object(App\\Http\\Request))\n#5 D:\\test\\trans-cosmos\\backend\\src\\Http\\Router.php(169): App\\Middleware\\CorsMiddleware->handle(Object(App\\Http\\Request), Object(Closure))\n#6 D:\\test\\trans-cosmos\\backend\\src\\Http\\Router.php(178): App\\Http\\Router->App\\Http\\{closure}(Object(App\\Http\\Request))\n#7 D:\\test\\trans-cosmos\\backend\\public\\index.php(89): App\\Http\\Router->dispatch(Object(App\\Http\\Request))\n#8 {main}"}}
{"timestamp":"2026-09-27T03:52:08+00:00","level":"INFO","message":"Processing queue job #1 (App\\Queue\\Jobs\\SendTaskAssignedEmailJob)","context":{"queue":"default","attempt":1}}
{"timestamp":"2026-09-27T03:52:08+00:00","level":"INFO","message":"Task #16 was deleted before assignment notification was sent. Skipping job.","context":[]}
{"timestamp":"2026-09-27T03:52:08+00:00","level":"INFO","message":"Job #1 completed in 9.9ms","context":{"job_id":1,"class":"App\\Queue\\Jobs\\SendTaskAssignedEmailJob"}}
{"timestamp":"2026-09-27T03:53:03+00:00","level":"INFO","message":"Processing queue job #1 (App\\Queue\\Jobs\\SendTaskAssignedEmailJob)","context":{"queue":"default","attempt":1}}
{"timestamp":"2026-09-27T03:53:03+00:00","level":"INFO","message":"Task #16 was deleted before assignment notification was sent. Skipping job.","context":[]}
{"timestamp":"2026-09-27T03:53:03+00:00","level":"INFO","message":"Job #1 completed in 8.11ms","context":{"job_id":1,"class":"App\\Queue\\Jobs\\SendTaskAssignedEmailJob"}}
{"timestamp":"2026-09-27T03:53:03+00:00","level":"INFO","message":"Processing queue job #2 (App\\Queue\\Jobs\\BulkTaskStatusUpdateJob)","context":{"queue":"default","attempt":1}}
{"timestamp":"2026-09-27T03:53:03+00:00","level":"INFO","message":"Completed bulk task status update job","context":{"target_status":"in_progress","updated_count":2,"task_ids":[1,2]}}
{"timestamp":"2026-09-27T03:53:03+00:00","level":"INFO","message":"Job #2 completed in 14.03ms","context":{"job_id":2,"class":"App\\Queue\\Jobs\\BulkTaskStatusUpdateJob"}}
{"timestamp":"2026-09-27T03:53:03+00:00","level":"INFO","message":"Processing queue job #3 (App\\Queue\\Jobs\\SendTaskAssignedEmailJob)","context":{"queue":"default","attempt":1}}
{"timestamp":"2026-09-27T03:53:03+00:00","level":"INFO","message":"Dispatched task assignment notification email","context":{"to":"alice@example.com","recipient_name":"Alice Johnson","subject":"New Task Assigned: Set up production server architecture","task_id":1,"priority":"high","due_date":"2026-09-10 18:00:00","dispatched_at":"2026-09-27T03:53:03+00:00"}}
{"timestamp":"2026-09-27T03:53:03+00:00","level":"INFO","message":"Job #3 completed in 8.01ms","context":{"job_id":3,"class":"App\\Queue\\Jobs\\SendTaskAssignedEmailJob"}}
{"timestamp":"2026-09-27T03:53:03+00:00","level":"INFO","message":"Processing queue job #4 (App\\Queue\\Jobs\\SendTaskAssignedEmailJob)","context":{"queue":"default","attempt":1}}
{"timestamp":"2026-09-27T03:53:03+00:00","level":"INFO","message":"Dispatched task assignment notification email","context":{"to":"bob@example.com","recipient_name":"Bob Smith","subject":"New Task Assigned: Design database normalization schema","task_id":2,"priority":"urgent","due_date":"2026-09-12 17:00:00","dispatched_at":"2026-09-27T03:53:03+00:00"}}
{"timestamp":"2026-09-27T03:53:03+00:00","level":"INFO","message":"Job #4 completed in 8.06ms","context":{"job_id":4,"class":"App\\Queue\\Jobs\\SendTaskAssignedEmailJob"}}
{"timestamp":"2026-09-27T03:53:03+00:00","level":"INFO","message":"Processing queue job #5 (App\\Queue\\Jobs\\BulkTaskStatusUpdateJob)","context":{"queue":"default","attempt":1}}
{"timestamp":"2026-09-27T03:53:03+00:00","level":"INFO","message":"Completed bulk task status update job","context":{"target_status":"completed","updated_count":2,"task_ids":[9,10]}}
{"timestamp":"2026-09-27T03:53:03+00:00","level":"INFO","message":"Job #5 completed in 13.86ms","context":{"job_id":5,"class":"App\\Queue\\Jobs\\BulkTaskStatusUpdateJob"}}
{"timestamp":"2026-09-27T03:53:03+00:00","level":"INFO","message":"Processing queue job #6 (App\\Queue\\Jobs\\ExportDataJob)","context":{"queue":"default","attempt":1}}
{"timestamp":"2026-09-27T03:53:03+00:00","level":"INFO","message":"Data export job completed","context":{"format":"csv","file_name":"task_export_20260927_035303.csv","record_count":15,"export_path":"storage/exports/task_export_20260927_035303.csv"}}
{"timestamp":"2026-09-27T03:53:03+00:00","level":"INFO","message":"Job #6 completed in 8.04ms","context":{"job_id":6,"class":"App\\Queue\\Jobs\\ExportDataJob"}}
